../Drivers/STM32F0xx_HAL_Driver/Src/stm32f0xx_hal_uart_ex.c:150:19:HAL_RS485Ex_Init	24	static
../Drivers/STM32F0xx_HAL_Driver/Src/stm32f0xx_hal_uart_ex.c:344:19:HAL_MultiProcessorEx_AddressLength_Set	16	static
../Drivers/STM32F0xx_HAL_Driver/Src/stm32f0xx_hal_uart_ex.c:496:19:HAL_UARTEx_ReceiveToIdle	48	static
../Drivers/STM32F0xx_HAL_Driver/Src/stm32f0xx_hal_uart_ex.c:635:19:HAL_UARTEx_ReceiveToIdle_IT	8	static,ignoring_inline_asm
../Drivers/STM32F0xx_HAL_Driver/Src/stm32f0xx_hal_uart_ex.c:712:19:HAL_UARTEx_ReceiveToIdle_DMA	8	static,ignoring_inline_asm
../Drivers/STM32F0xx_HAL_Driver/Src/stm32f0xx_hal_uart_ex.c:791:29:HAL_UARTEx_GetRxEventType	0	static
