Archive member included to satisfy reference by file (symbol)

C:/ST/STM32CubeIDE_1.14.0/STM32CubeIDE/plugins/com.st.stm32cube.ide.mcu.externaltools.gnu-tools-for-stm32.11.3.rel1.win32_1.1.100.202309141235/tools/bin/../lib/gcc/arm-none-eabi/11.3.1/../../../../arm-none-eabi/lib/thumb/v6-m/nofp\libc_nano.a(libc_a-exit.o)
                              C:/ST/STM32CubeIDE_1.14.0/STM32CubeIDE/plugins/com.st.stm32cube.ide.mcu.externaltools.gnu-tools-for-stm32.11.3.rel1.win32_1.1.100.202309141235/tools/bin/../lib/gcc/arm-none-eabi/11.3.1/../../../../arm-none-eabi/lib/thumb/v6-m/nofp/crt0.o (exit)
C:/ST/STM32CubeIDE_1.14.0/STM32CubeIDE/plugins/com.st.stm32cube.ide.mcu.externaltools.gnu-tools-for-stm32.11.3.rel1.win32_1.1.100.202309141235/tools/bin/../lib/gcc/arm-none-eabi/11.3.1/../../../../arm-none-eabi/lib/thumb/v6-m/nofp\libc_nano.a(libc_a-findfp.o)
                              C:/ST/STM32CubeIDE_1.14.0/STM32CubeIDE/plugins/com.st.stm32cube.ide.mcu.externaltools.gnu-tools-for-stm32.11.3.rel1.win32_1.1.100.202309141235/tools/bin/../lib/gcc/arm-none-eabi/11.3.1/../../../../arm-none-eabi/lib/thumb/v6-m/nofp\libc_nano.a(libc_a-exit.o) (__stdio_exit_handler)
C:/ST/STM32CubeIDE_1.14.0/STM32CubeIDE/plugins/com.st.stm32cube.ide.mcu.externaltools.gnu-tools-for-stm32.11.3.rel1.win32_1.1.100.202309141235/tools/bin/../lib/gcc/arm-none-eabi/11.3.1/../../../../arm-none-eabi/lib/thumb/v6-m/nofp\libc_nano.a(libc_a-fwalk.o)
                              C:/ST/STM32CubeIDE_1.14.0/STM32CubeIDE/plugins/com.st.stm32cube.ide.mcu.externaltools.gnu-tools-for-stm32.11.3.rel1.win32_1.1.100.202309141235/tools/bin/../lib/gcc/arm-none-eabi/11.3.1/../../../../arm-none-eabi/lib/thumb/v6-m/nofp\libc_nano.a(libc_a-findfp.o) (_fwalk_sglue)
C:/ST/STM32CubeIDE_1.14.0/STM32CubeIDE/plugins/com.st.stm32cube.ide.mcu.externaltools.gnu-tools-for-stm32.11.3.rel1.win32_1.1.100.202309141235/tools/bin/../lib/gcc/arm-none-eabi/11.3.1/../../../../arm-none-eabi/lib/thumb/v6-m/nofp\libc_nano.a(libc_a-stdio.o)
                              C:/ST/STM32CubeIDE_1.14.0/STM32CubeIDE/plugins/com.st.stm32cube.ide.mcu.externaltools.gnu-tools-for-stm32.11.3.rel1.win32_1.1.100.202309141235/tools/bin/../lib/gcc/arm-none-eabi/11.3.1/../../../../arm-none-eabi/lib/thumb/v6-m/nofp\libc_nano.a(libc_a-findfp.o) (__sread)
C:/ST/STM32CubeIDE_1.14.0/STM32CubeIDE/plugins/com.st.stm32cube.ide.mcu.externaltools.gnu-tools-for-stm32.11.3.rel1.win32_1.1.100.202309141235/tools/bin/../lib/gcc/arm-none-eabi/11.3.1/../../../../arm-none-eabi/lib/thumb/v6-m/nofp\libc_nano.a(libc_a-memset.o)
                              C:/ST/STM32CubeIDE_1.14.0/STM32CubeIDE/plugins/com.st.stm32cube.ide.mcu.externaltools.gnu-tools-for-stm32.11.3.rel1.win32_1.1.100.202309141235/tools/bin/../lib/gcc/arm-none-eabi/11.3.1/../../../../arm-none-eabi/lib/thumb/v6-m/nofp/crt0.o (memset)
C:/ST/STM32CubeIDE_1.14.0/STM32CubeIDE/plugins/com.st.stm32cube.ide.mcu.externaltools.gnu-tools-for-stm32.11.3.rel1.win32_1.1.100.202309141235/tools/bin/../lib/gcc/arm-none-eabi/11.3.1/../../../../arm-none-eabi/lib/thumb/v6-m/nofp\libc_nano.a(libc_a-closer.o)
                              C:/ST/STM32CubeIDE_1.14.0/STM32CubeIDE/plugins/com.st.stm32cube.ide.mcu.externaltools.gnu-tools-for-stm32.11.3.rel1.win32_1.1.100.202309141235/tools/bin/../lib/gcc/arm-none-eabi/11.3.1/../../../../arm-none-eabi/lib/thumb/v6-m/nofp\libc_nano.a(libc_a-stdio.o) (_close_r)
C:/ST/STM32CubeIDE_1.14.0/STM32CubeIDE/plugins/com.st.stm32cube.ide.mcu.externaltools.gnu-tools-for-stm32.11.3.rel1.win32_1.1.100.202309141235/tools/bin/../lib/gcc/arm-none-eabi/11.3.1/../../../../arm-none-eabi/lib/thumb/v6-m/nofp\libc_nano.a(libc_a-reent.o)
                              C:/ST/STM32CubeIDE_1.14.0/STM32CubeIDE/plugins/com.st.stm32cube.ide.mcu.externaltools.gnu-tools-for-stm32.11.3.rel1.win32_1.1.100.202309141235/tools/bin/../lib/gcc/arm-none-eabi/11.3.1/../../../../arm-none-eabi/lib/thumb/v6-m/nofp\libc_nano.a(libc_a-closer.o) (errno)
C:/ST/STM32CubeIDE_1.14.0/STM32CubeIDE/plugins/com.st.stm32cube.ide.mcu.externaltools.gnu-tools-for-stm32.11.3.rel1.win32_1.1.100.202309141235/tools/bin/../lib/gcc/arm-none-eabi/11.3.1/../../../../arm-none-eabi/lib/thumb/v6-m/nofp\libc_nano.a(libc_a-impure.o)
                              C:/ST/STM32CubeIDE_1.14.0/STM32CubeIDE/plugins/com.st.stm32cube.ide.mcu.externaltools.gnu-tools-for-stm32.11.3.rel1.win32_1.1.100.202309141235/tools/bin/../lib/gcc/arm-none-eabi/11.3.1/../../../../arm-none-eabi/lib/thumb/v6-m/nofp\libc_nano.a(libc_a-reent.o) (_impure_ptr)
C:/ST/STM32CubeIDE_1.14.0/STM32CubeIDE/plugins/com.st.stm32cube.ide.mcu.externaltools.gnu-tools-for-stm32.11.3.rel1.win32_1.1.100.202309141235/tools/bin/../lib/gcc/arm-none-eabi/11.3.1/../../../../arm-none-eabi/lib/thumb/v6-m/nofp\libc_nano.a(libc_a-lseekr.o)
[...]
Memory Configuration

Name             Origin             Length             Attributes
RAM              0x0000000020000000 0x0000000000001000 xrw
FLASH            0x0000000008000000 0x0000000000004000 xr
*default*        0x0000000000000000 0xffffffffffffffff

Linker script and memory map

LOAD C:/ST/STM32CubeIDE_1.14.0/STM32CubeIDE/plugins/com.st.stm32cube.ide.mcu.externaltools.gnu-tools-for-stm32.11.3.rel1.win32_1.1.100.202309141235/tools/bin/../lib/gcc/arm-none-eabi/11.3.1/thumb/v6-m/nofp/crti.o
LOAD C:/ST/STM32CubeIDE_1.14.0/STM32CubeIDE/plugins/com.st.stm32cube.ide.mcu.externaltools.gnu-tools-for-stm32.11.3.rel1.win32_1.1.100.202309141235/tools/bin/../lib/gcc/arm-none-eabi/11.3.1/thumb/v6-m/nofp/crtbegin.o
LOAD C:/ST/STM32CubeIDE_1.14.0/STM32CubeIDE/plugins/com.st.stm32cube.ide.mcu.externaltools.gnu-tools-for-stm32.11.3.rel1.win32_1.1.100.202309141235/tools/bin/../lib/gcc/arm-none-eabi/11.3.1/../../../../arm-none-eabi/lib/thumb/v6-m/nofp/crt0.o
LOAD ./Core/Src/WS2812_SPI.o
LOAD ./Core/Src/main.o
LOAD ./Core/Src/stm32f0xx_hal_msp.o
LOAD ./Core/Src/stm32f0xx_it.o
LOAD ./Core/Src/syscalls.o
LOAD ./Core/Src/sysmem.o
LOAD ./Core/Src/system_stm32f0xx.o
LOAD ./Core/Startup/startup_stm32f030f4px.o
LOAD ./Drivers/STM32F0xx_HAL_Driver/Src/stm32f0xx_hal.o
LOAD ./Drivers/STM32F0xx_HAL_Driver/Src/stm32f0xx_hal_cortex.o
LOAD ./Drivers/STM32F0xx_HAL_Driver/Src/stm32f0xx_hal_dma.o
LOAD ./Drivers/STM32F0xx_HAL_Driver/Src/stm32f0xx_hal_exti.o
LOAD ./Drivers/STM32F0xx_HAL_Driver/Src/stm32f0xx_hal_flash.o
LOAD ./Drivers/STM32F0xx_HAL_Driver/Src/stm32f0xx_hal_flash_ex.o
LOAD ./Drivers/STM32F0xx_HAL_Driver/Src/stm32f0xx_hal_gpio.o
LOAD ./Drivers/STM32F0xx_HAL_Driver/Src/stm32f0xx_hal_i2c.o
LOAD ./Drivers/STM32F0xx_HAL_Driver/Src/stm32f0xx_hal_i2c_ex.o
LOAD ./Drivers/STM32F0xx_HAL_Driver/Src/stm32f0xx_hal_pwr.o
LOAD ./Drivers/STM32F0xx_HAL_Driver/Src/stm32f0xx_hal_pwr_ex.o
LOAD ./Drivers/STM32F0xx_HAL_Driver/Src/stm32f0xx_hal_rcc.o
LOAD ./Drivers/STM32F0xx_HAL_Driver/Src/stm32f0xx_hal_rcc_ex.o
LOAD ./Drivers/STM32F0xx_HAL_Driver/Src/stm32f0xx_hal_spi.o
LOAD ./Drivers/STM32F0xx_HAL_Driver/Src/stm32f0xx_hal_spi_ex.o
LOAD ./Drivers/STM32F0xx_HAL_Driver/Src/stm32f0xx_hal_tim.o
LOAD ./Drivers/STM32F0xx_HAL_Driver/Src/stm32f0xx_hal_tim_ex.o
START GROUP
LOAD C:/ST/STM32CubeIDE_1.14.0/STM32CubeIDE/plugins/com.st.stm32cube.ide.mcu.externaltools.gnu-tools-for-stm32.11.3.rel1.win32_1.1.100.202309141235/tools/bin/../lib/gcc/arm-none-eabi/11.3.1/../../../../arm-none-eabi/lib/thumb/v6-m/nofp\libc_nano.a
LOAD C:/ST/STM32CubeIDE_1.14.0/STM32CubeIDE/plugins/com.st.stm32cube.ide.mcu.externaltools.gnu-tools-for-stm32.11.3.rel1.win32_1.1.100.202309141235/tools/bin/../lib/gcc/arm-none-eabi/11.3.1/../../../../arm-none-eabi/lib/thumb/v6-m/nofp\libm.a
END GROUP
START GROUP
LOAD C:/ST/STM32CubeIDE_1.14.0/STM32CubeIDE/plugins/com.st.stm32cube.ide.mcu.externaltools.gnu-tools-for-stm32.11.3.rel1.win32_1.1.100.202309141235/tools/bin/../lib/gcc/arm-none-eabi/11.3.1/thumb/v6-m/nofp\libgcc.a
LOAD C:/ST/STM32CubeIDE_1.14.0/STM32CubeIDE/plugins/com.st.stm32cube.ide.mcu.externaltools.gnu-tools-for-stm32.11.3.rel1.win32_1.1.100.202309141235/tools/bin/../lib/gcc/arm-none-eabi/11.3.1/../../../../arm-none-eabi/lib/thumb/v6-m/nofp\libc_nano.a
END GROUP
START GROUP
LOAD C:/ST/STM32CubeIDE_1.14.0/STM32CubeIDE/plugins/com.st.stm32cube.ide.mcu.externaltools.gnu-tools-for-stm32.11.3.rel1.win32_1.1.100.202309141235/tools/bin/../lib/gcc/arm-none-eabi/11.3.1/thumb/v6-m/nofp\libgcc.a
LOAD C:/ST/STM32CubeIDE_1.14.0/STM32CubeIDE/plugins/com.st.stm32cube.ide.mcu.externaltools.gnu-tools-for-stm32.11.3.rel1.win32_1.1.100.202309141235/tools/bin/../lib/gcc/arm-none-eabi/11.3.1/../../../../arm-none-eabi/lib/thumb/v6-m/nofp\libc_nano.a
LOAD C:/ST/STM32CubeIDE_1.14.0/STM32CubeIDE/plugins/com.st.stm32cube.ide.mcu.externaltools.gnu-tools-for-stm32.11.3.rel1.win32_1.1.100.202309141235/tools/bin/../lib/gcc/arm-none-eabi/11.3.1/../../../../arm-none-eabi/lib/thumb/v6-m/nofp\libnosys.a
END GROUP
START GROUP
LOAD C:/ST/STM32CubeIDE_1.14.0/STM32CubeIDE/plugins/com.st.stm32cube.ide.mcu.externaltools.gnu-tools-for-stm32.11.3.rel1.win32_1.1.100.202309141235/tools/bin/../lib/gcc/arm-none-eabi/11.3.1/thumb/v6-m/nofp\libgcc.a
LOAD C:/ST/STM32CubeIDE_1.14.0/STM32CubeIDE/plugins/com.st.stm32cube.ide.mcu.externaltools.gnu-tools-for-stm32.11.3.rel1.win32_1.1.100.202309141235/tools/bin/../lib/gcc/arm-none-eabi/11.3.1/../../../../arm-none-eabi/lib/thumb/v6-m/nofp\libc_nano.a
LOAD C:/ST/STM32CubeIDE_1.14.0/STM32CubeIDE/plugins/com.st.stm32cube.ide.mcu.externaltools.gnu-tools-for-stm32.11.3.rel1.win32_1.1.100.202309141235/tools/bin/../lib/gcc/arm-none-eabi/11.3.1/../../../../arm-none-eabi/lib/thumb/v6-m/nofp\libnosys.a
END GROUP
LOAD C:/ST/STM32CubeIDE_1.14.0/STM32CubeIDE/plugins/com.st.stm32cube.ide.mcu.externaltools.gnu-tools-for-stm32.11.3.rel1.win32_1.1.100.202309141235/tools/bin/../lib/gcc/arm-none-eabi/11.3.1/thumb/v6-m/nofp/crtend.o
LOAD C:/ST/STM32CubeIDE_1.14.0/STM32CubeIDE/plugins/com.st.stm32cube.ide.mcu.externaltools.gnu-tools-for-stm32.11.3.rel1.win32_1.1.100.202309141235/tools/bin/../lib/gcc/arm-none-eabi/11.3.1/thumb/v6-m/nofp/crtn.o
                0x0000000020001000                _estack = (ORIGIN (RAM) + LENGTH (RAM))
                0x0000000000000200                _Min_Heap_Size = 0x200
                0x0000000000000400                _Min_Stack_Size = 0x400

.isr_vector     0x0000000008000000       0xc0
                0x0000000008000000                . = ALIGN (0x4)
 *(.isr_vector)
 .isr_vector    0x0000000008000000       0xc0 ./Core/Startup/startup_stm32f030f4px.o
                0x0000000008000000                g_pfnVectors
                0x00000000080000c0                . = ALIGN (0x4)

.text           0x00000000080000c0     0x1650
                0x00000000080000c0                . = ALIGN (0x4)
 *(.text)
 .text          0x00000000080000c0       0x48 C:/ST/STM32CubeIDE_1.14.0/STM32CubeIDE/plugins/com.st.stm32cube.ide.mcu.externaltools.gnu-tools-for-stm32.11.3.rel1.win32_1.1.100.202309141235/tools/bin/../lib/gcc/arm-none-eabi/11.3.1/thumb/v6-m/nofp/crtbegin.o
 .text          0x0000000008000108      0x114 C:/ST/STM32CubeIDE_1.14.0/STM32CubeIDE/plugins/com.st.stm32cube.ide.mcu.externaltools.gnu-tools-for-stm32.11.3.rel1.win32_1.1.100.202309141235/tools/bin/../lib/gcc/arm-none-eabi/11.3.1/thumb/v6-m/nofp\libgcc.a(_udivsi3.o)
                0x0000000008000108                __aeabi_uidiv
                0x0000000008000108                __udivsi3
                0x0000000008000214                __aeabi_uidivmod
 .text          0x000000000800021c      0x1d4 C:/ST/STM32CubeIDE_1.14.0/STM32CubeIDE/plugins/com.st.stm32cube.ide.mcu.externaltools.gnu-tools-for-stm32.11.3.rel1.win32_1.1.100.202309141235/tools/bin/../lib/gcc/arm-none-eabi/11.3.1/thumb/v6-m/nofp\libgcc.a(_divsi3.o)
                0x000000000800021c                __divsi3
                0x000000000800021c                __aeabi_idiv
                0x00000000080003e8                __aeabi_idivmod
 .text          0x00000000080003f0        0x4 C:/ST/STM32CubeIDE_1.14.0/STM32CubeIDE/plugins/com.st.stm32cube.ide.mcu.externaltools.gnu-tools-for-stm32.11.3.rel1.win32_1.1.100.202309141235/tools/bin/../lib/gcc/arm-none-eabi/11.3.1/thumb/v6-m/nofp\libgcc.a(_dvmd_tls.o)
                0x00000000080003f0                __aeabi_idiv0
                0x00000000080003f0                __aeabi_ldiv0
 *(.text*)
 .text.setLED   0x00000000080003f4       0x20 ./Core/Src/WS2812_SPI.o
                0x00000000080003f4                setLED
 .text.WS2812_Send
                0x0000000008000414       0xbc ./Core/Src/WS2812_SPI.o
                0x0000000008000414                WS2812_Send
 .text.SystemClock_Config
                0x00000000080004d0       0x60 ./Core/Src/main.o
                0x00000000080004d0                SystemClock_Config
 .text.startup.main
                0x0000000008000530      0x124 ./Core/Src/main.o
                0x0000000008000530                main
 .text.HAL_MspInit
                0x0000000008000654       0x30 ./Core/Src/stm32f0xx_hal_msp.o
                0x0000000008000654                HAL_MspInit
 .text.HAL_SPI_MspInit
                0x0000000008000684       0x64 ./Core/Src/stm32f0xx_hal_msp.o
                0x0000000008000684                HAL_SPI_MspInit
 .text.NMI_Handler
                0x00000000080006e8        0x4 ./Core/Src/stm32f0xx_it.o
                0x00000000080006e8                NMI_Handler
 .text.HardFault_Handler
                0x00000000080006ec        0x4 ./Core/Src/stm32f0xx_it.o
                0x00000000080006ec                HardFault_Handler
 .text.SVC_Handler
                0x00000000080006f0        0x4 ./Core/Src/stm32f0xx_it.o
                0x00000000080006f0                SVC_Handler
 .text.PendSV_Handler
                0x00000000080006f4        0x4 ./Core/Src/stm32f0xx_it.o
                0x00000000080006f4                PendSV_Handler
 .text.SysTick_Handler
                0x00000000080006f8        0x8 ./Core/Src/stm32f0xx_it.o
                0x00000000080006f8                SysTick_Handler
 .text.SystemInit
                0x0000000008000700        0x4 ./Core/Src/system_stm32f0xx.o
                0x0000000008000700                SystemInit
 .text.Reset_Handler
                0x0000000008000704       0x50 ./Core/Startup/startup_stm32f030f4px.o
                0x0000000008000704                Reset_Handler
 .text.Default_Handler
                0x0000000008000754        0x2 ./Core/Startup/startup_stm32f030f4px.o
                0x0000000008000754                TIM1_CC_IRQHandler
                0x0000000008000754                I2C1_IRQHandler
                0x0000000008000754                SPI1_IRQHandler
                0x0000000008000754                EXTI2_3_IRQHandler
                0x0000000008000754                ADC1_IRQHandler
                0x0000000008000754                TIM17_IRQHandler
                0x0000000008000754                RTC_IRQHandler
                0x0000000008000754                TIM16_IRQHandler
                0x0000000008000754                TIM3_IRQHandler
                0x0000000008000754                EXTI4_15_IRQHandler
                0x0000000008000754                RCC_IRQHandler
                0x0000000008000754                DMA1_Channel1_IRQHandler
                0x0000000008000754                Default_Handler
                0x0000000008000754                TIM14_IRQHandler
                0x0000000008000754                DMA1_Channel4_5_IRQHandler
                0x0000000008000754                EXTI0_1_IRQHandler
                0x0000000008000754                WWDG_IRQHandler
                0x0000000008000754                DMA1_Channel2_3_IRQHandler
                0x0000000008000754                FLASH_IRQHandler
                0x0000000008000754                USART1_IRQHandler
                0x0000000008000754                TIM1_BRK_UP_TRG_COM_IRQHandler
 *fill*         0x0000000008000756        0x2 
 .text.HAL_InitTick
                0x0000000008000758       0x4c ./Drivers/STM32F0xx_HAL_Driver/Src/stm32f0xx_hal.o
                0x0000000008000758                HAL_InitTick
 .text.HAL_Init
                0x00000000080007a4       0x20 ./Drivers/STM32F0xx_HAL_Driver/Src/stm32f0xx_hal.o
                0x00000000080007a4                HAL_Init
 .text.HAL_IncTick
                0x00000000080007c4       0x18 ./Drivers/STM32F0xx_HAL_Driver/Src/stm32f0xx_hal.o
                0x00000000080007c4                HAL_IncTick
 .text.HAL_GetTick
                0x00000000080007dc        0xc ./Drivers/STM32F0xx_HAL_Driver/Src/stm32f0xx_hal.o
                0x00000000080007dc                HAL_GetTick
 .text.HAL_Delay
                0x00000000080007e8       0x24 ./Drivers/STM32F0xx_HAL_Driver/Src/stm32f0xx_hal.o
                0x00000000080007e8                HAL_Delay
 .text.HAL_NVIC_SetPriority
                0x000000000800080c       0x64 ./Drivers/STM32F0xx_HAL_Driver/Src/stm32f0xx_hal_cortex.o
                0x000000000800080c                HAL_NVIC_SetPriority
 .text.HAL_SYSTICK_Config
                0x0000000008000870       0x34 ./Drivers/STM32F0xx_HAL_Driver/Src/stm32f0xx_hal_cortex.o
                0x0000000008000870                HAL_SYSTICK_Config
 .text.HAL_GPIO_Init
                0x00000000080008a4      0x218 ./Drivers/STM32F0xx_HAL_Driver/Src/stm32f0xx_hal_gpio.o
                0x00000000080008a4                HAL_GPIO_Init
 .text.HAL_RCC_OscConfig
                0x0000000008000abc      0x4b4 ./Drivers/STM32F0xx_HAL_Driver/Src/stm32f0xx_hal_rcc.o
                0x0000000008000abc                HAL_RCC_OscConfig
 .text.HAL_RCC_ClockConfig
                0x0000000008000f70      0x178 ./Drivers/STM32F0xx_HAL_Driver/Src/stm32f0xx_hal_rcc.o
                0x0000000008000f70                HAL_RCC_ClockConfig
 .text.SPI_WaitFifoStateUntilTimeout.constprop.0
                0x00000000080010e8      0x10c ./Drivers/STM32F0xx_HAL_Driver/Src/stm32f0xx_hal_spi.o
 .text.SPI_EndRxTxTransaction
                0x00000000080011f4      0x150 ./Drivers/STM32F0xx_HAL_Driver/Src/stm32f0xx_hal_spi.o
 .text.HAL_SPI_Init
                0x0000000008001344      0x14c ./Drivers/STM32F0xx_HAL_Driver/Src/stm32f0xx_hal_spi.o
                0x0000000008001344                HAL_SPI_Init
 .text.HAL_SPI_Transmit
                0x0000000008001490      0x210 ./Drivers/STM32F0xx_HAL_Driver/Src/stm32f0xx_hal_spi.o
                0x0000000008001490                HAL_SPI_Transmit
 .text.memset   0x00000000080016a0       0x10 C:/ST/STM32CubeIDE_1.14.0/STM32CubeIDE/plugins/com.st.stm32cube.ide.mcu.externaltools.gnu-tools-for-stm32.11.3.rel1.win32_1.1.100.202309141235/tools/bin/../lib/gcc/arm-none-eabi/11.3.1/../../../../arm-none-eabi/lib/thumb/v6-m/nofp\libc_nano.a(libc_a-memset.o)
                0x00000000080016a0                memset
 .text.__libc_init_array
                0x00000000080016b0       0x48 C:/ST/STM32CubeIDE_1.14.0/STM32CubeIDE/plugins/com.st.stm32cube.ide.mcu.externaltools.gnu-tools-for-stm32.11.3.rel1.win32_1.1.100.202309141235/tools/bin/../lib/gcc/arm-none-eabi/11.3.1/../../../../arm-none-eabi/lib/thumb/v6-m/nofp\libc_nano.a(libc_a-init.o)
                0x00000000080016b0                __libc_init_array
 *(.glue_7)
 .glue_7        0x00000000080016f8        0x0 linker stubs
 *(.glue_7t)
 .glue_7t       0x00000000080016f8        0x0 linker stubs
 *(.eh_frame)
 .eh_frame      0x00000000080016f8        0x0 C:/ST/STM32CubeIDE_1.14.0/STM32CubeIDE/plugins/com.st.stm32cube.ide.mcu.externaltools.gnu-tools-for-stm32.11.3.rel1.win32_1.1.100.202309141235/tools/bin/../lib/gcc/arm-none-eabi/11.3.1/thumb/v6-m/nofp/crtbegin.o
 *(.init)
 .init          0x00000000080016f8        0x4 C:/ST/STM32CubeIDE_1.14.0/STM32CubeIDE/plugins/com.st.stm32cube.ide.mcu.externaltools.gnu-tools-for-stm32.11.3.rel1.win32_1.1.100.202309141235/tools/bin/../lib/gcc/arm-none-eabi/11.3.1/thumb/v6-m/nofp/crti.o
                0x00000000080016f8                _init
 .init          0x00000000080016fc        0x8 C:/ST/STM32CubeIDE_1.14.0/STM32CubeIDE/plugins/com.st.stm32cube.ide.mcu.externaltools.gnu-tools-for-stm32.11.3.rel1.win32_1.1.100.202309141235/tools/bin/../lib/gcc/arm-none-eabi/11.3.1/thumb/v6-m/nofp/crtn.o
 *(.fini)
 .fini          0x0000000008001704        0x4 C:/ST/STM32CubeIDE_1.14.0/STM32CubeIDE/plugins/com.st.stm32cube.ide.mcu.externaltools.gnu-tools-for-stm32.11.3.rel1.win32_1.1.100.202309141235/tools/bin/../lib/gcc/arm-none-eabi/11.3.1/thumb/v6-m/nofp/crti.o
                0x0000000008001704                _fini
 .fini          0x0000000008001708        0x8 C:/ST/STM32CubeIDE_1.14.0/STM32CubeIDE/plugins/com.st.stm32cube.ide.mcu.externaltools.gnu-tools-for-stm32.11.3.rel1.win32_1.1.100.202309141235/tools/bin/../lib/gcc/arm-none-eabi/11.3.1/thumb/v6-m/nofp/crtn.o
                0x0000000008001710                . = ALIGN (0x4)
                0x0000000008001710                _etext = .

.vfp11_veneer   0x0000000008001710        0x0
 .vfp11_veneer  0x0000000008001710        0x0 linker stubs

.v4_bx          0x0000000008001710        0x0
 .v4_bx         0x0000000008001710        0x0 linker stubs

.iplt           0x0000000008001710        0x0
 .iplt          0x0000000008001710        0x0 C:/ST/STM32CubeIDE_1.14.0/STM32CubeIDE/plugins/com.st.stm32cube.ide.mcu.externaltools.gnu-tools-for-stm32.11.3.rel1.win32_1.1.100.202309141235/tools/bin/../lib/gcc/arm-none-eabi/11.3.1/thumb/v6-m/nofp/crtbegin.o

.rodata         0x0000000008001710       0x30
                0x0000000008001710                . = ALIGN (0x4)
 *(.rodata)
 *(.rodata*)
 .rodata.AHBPrescTable
                0x0000000008001710       0x10 ./Core/Src/system_stm32f0xx.o
                0x0000000008001710                AHBPrescTable
 .rodata.aPLLMULFactorTable.1
                0x0000000008001720       0x10 ./Drivers/STM32F0xx_HAL_Driver/Src/stm32f0xx_hal_rcc.o
 .rodata.aPredivFactorTable.0
                0x0000000008001730       0x10 ./Drivers/STM32F0xx_HAL_Driver/Src/stm32f0xx_hal_rcc.o
                0x0000000008001740                . = ALIGN (0x4)

.rel.dyn        0x0000000008001740        0x0
 .rel.iplt      0x0000000008001740        0x0 C:/ST/STM32CubeIDE_1.14.0/STM32CubeIDE/plugins/com.st.stm32cube.ide.mcu.externaltools.gnu-tools-for-stm32.11.3.rel1.win32_1.1.100.202309141235/tools/bin/../lib/gcc/arm-none-eabi/11.3.1/thumb/v6-m/nofp/crtbegin.o

.ARM.extab      0x0000000008001740        0x0
                0x0000000008001740                . = ALIGN (0x4)
 *(.ARM.extab* .gnu.linkonce.armextab.*)
                0x0000000008001740                . = ALIGN (0x4)

.ARM            0x0000000008001740        0x0
                0x0000000008001740                . = ALIGN (0x4)
                0x0000000008001740                __exidx_start = .
 *(.ARM.exidx*)
                0x0000000008001740                __exidx_end = .
                0x0000000008001740                . = ALIGN (0x4)

.preinit_array  0x0000000008001740        0x0
                0x0000000008001740                . = ALIGN (0x4)
                0x0000000008001740                PROVIDE (__preinit_array_start = .)
 *(.preinit_array*)
                0x0000000008001740                PROVIDE (__preinit_array_end = .)
                0x0000000008001740                . = ALIGN (0x4)

.init_array     0x0000000008001740        0x4
                0x0000000008001740                . = ALIGN (0x4)
                0x0000000008001740                PROVIDE (__init_array_start = .)
 *(SORT_BY_NAME(.init_array.*))
 *(.init_array*)
 .init_array    0x0000000008001740        0x4 C:/ST/STM32CubeIDE_1.14.0/STM32CubeIDE/plugins/com.st.stm32cube.ide.mcu.externaltools.gnu-tools-for-stm32.11.3.rel1.win32_1.1.100.202309141235/tools/bin/../lib/gcc/arm-none-eabi/11.3.1/thumb/v6-m/nofp/crtbegin.o
                0x0000000008001744                PROVIDE (__init_array_end = .)
                0x0000000008001744                . = ALIGN (0x4)

.fini_array     0x0000000008001744        0x4
                0x0000000008001744                . = ALIGN (0x4)
                [!provide]                        PROVIDE (__fini_array_start = .)
 *(SORT_BY_NAME(.fini_array.*))
 *(.fini_array*)
 .fini_array    0x0000000008001744        0x4 C:/ST/STM32CubeIDE_1.14.0/STM32CubeIDE/plugins/com.st.stm32cube.ide.mcu.externaltools.gnu-tools-for-stm32.11.3.rel1.win32_1.1.100.202309141235/tools/bin/../lib/gcc/arm-none-eabi/11.3.1/thumb/v6-m/nofp/crtbegin.o
                [!provide]                        PROVIDE (__fini_array_end = .)
                0x0000000008001748                . = ALIGN (0x4)
                0x0000000008001748                _sidata = LOADADDR (.data)

.data           0x0000000020000000       0x10 load address 0x0000000008001748
                0x0000000020000000                . = ALIGN (0x4)
                0x0000000020000000                _sdata = .
 *(.data)
 *(.data*)
 .data.brightness
                0x0000000020000000        0x4 ./Core/Src/main.o
                0x0000000020000000                brightness
 .data.SystemCoreClock
                0x0000000020000004        0x4 ./Core/Src/system_stm32f0xx.o
                0x0000000020000004                SystemCoreClock
 .data.uwTickFreq
                0x0000000020000008        0x1 ./Drivers/STM32F0xx_HAL_Driver/Src/stm32f0xx_hal.o
                0x0000000020000008                uwTickFreq
 *fill*         0x0000000020000009        0x3 
 .data.uwTickPrio
                0x000000002000000c        0x4 ./Drivers/STM32F0xx_HAL_Driver/Src/stm32f0xx_hal.o
                0x000000002000000c                uwTickPrio
 *(.RamFunc)
 *(.RamFunc*)
                0x0000000020000010                . = ALIGN (0x4)
                0x0000000020000010                _edata = .

.igot.plt       0x0000000020000010        0x0 load address 0x0000000008001758
 .igot.plt      0x0000000020000010        0x0 C:/ST/STM32CubeIDE_1.14.0/STM32CubeIDE/plugins/com.st.stm32cube.ide.mcu.externaltools.gnu-tools-for-stm32.11.3.rel1.win32_1.1.100.202309141235/tools/bin/../lib/gcc/arm-none-eabi/11.3.1/thumb/v6-m/nofp/crtbegin.o
                0x0000000020000010                . = ALIGN (0x4)

.bss            0x0000000020000010       0xe4 load address 0x0000000008001758
                0x0000000020000010                _sbss = .
                0x0000000020000010                __bss_start__ = _sbss
 *(.bss)
 .bss           0x0000000020000010       0x1c C:/ST/STM32CubeIDE_1.14.0/STM32CubeIDE/plugins/com.st.stm32cube.ide.mcu.externaltools.gnu-tools-for-stm32.11.3.rel1.win32_1.1.100.202309141235/tools/bin/../lib/gcc/arm-none-eabi/11.3.1/thumb/v6-m/nofp/crtbegin.o
 *(.bss*)
 .bss.LED_Data  0x000000002000002c       0x60 ./Core/Src/WS2812_SPI.o
                0x000000002000002c                LED_Data
 .bss.hspi1     0x000000002000008c       0x64 ./Core/Src/main.o
                0x000000002000008c                hspi1
 .bss.uwTick    0x00000000200000f0        0x4 ./Drivers/STM32F0xx_HAL_Driver/Src/stm32f0xx_hal.o
                0x00000000200000f0                uwTick
 *(COMMON)
                0x00000000200000f4                . = ALIGN (0x4)
                0x00000000200000f4                _ebss = .
                0x00000000200000f4                __bss_end__ = _ebss

._user_heap_stack
                0x00000000200000f4      0x604 load address 0x0000000008001758
                0x00000000200000f8                . = ALIGN (0x8)
 *fill*         0x00000000200000f4        0x4 
                [!provide]                        PROVIDE (end = .)
                0x00000000200000f8                PROVIDE (_end = .)
                0x00000000200002f8                . = (. + _Min_Heap_Size)
 *fill*         0x00000000200000f8      0x200 
                0x00000000200006f8                . = (. + _Min_Stack_Size)
 *fill*         0x00000000200002f8      0x400 
                0x00000000200006f8                . = ALIGN (0x8)

/DISCARD/
 libc.a(*)
 libm.a(*)
 libgcc.a(*)

.ARM.attributes
                0x0000000000000000       0x28
 *(.ARM.attributes)
 .ARM.attributes
                0x0000000000000000       0x1e C:/ST/STM32CubeIDE_1.14.0/STM32CubeIDE/plugins/com.st.stm32cube.ide.mcu.externaltools.gnu-tools-for-stm32.11.3.rel1.win32_1.1.100.202309141235/tools/bin/../lib/gcc/arm-none-eabi/11.3.1/thumb/v6-m/nofp/crti.o
 .ARM.attributes
                0x000000000000001e       0x2c C:/ST/STM32CubeIDE_1.14.0/STM32CubeIDE/plugins/com.st.stm32cube.ide.mcu.externaltools.gnu-tools-for-stm32.11.3.rel1.win32_1.1.100.202309141235/tools/bin/../lib/gcc/arm-none-eabi/11.3.1/thumb/v6-m/nofp/crtbegin.o
 .ARM.attributes
                0x000000000000004a       0x2c ./Core/Src/WS2812_SPI.o
 .ARM.attributes
                0x0000000000000076       0x2c ./Core/Src/main.o
 .ARM.attributes
                0x00000000000000a2       0x2c ./Core/Src/stm32f0xx_hal_msp.o
 .ARM.attributes
                0x00000000000000ce       0x2c ./Core/Src/stm32f0xx_it.o
 .ARM.attributes
                0x00000000000000fa       0x2c ./Core/Src/system_stm32f0xx.o
 .ARM.attributes
                0x0000000000000126       0x21 ./Core/Startup/startup_stm32f030f4px.o
 .ARM.attributes
                0x0000000000000147       0x2c ./Drivers/STM32F0xx_HAL_Driver/Src/stm32f0xx_hal.o
 .ARM.attributes
                0x0000000000000173       0x2c ./Drivers/STM32F0xx_HAL_Driver/Src/stm32f0xx_hal_cortex.o
 .ARM.attributes
                0x000000000000019f       0x2c ./Drivers/STM32F0xx_HAL_Driver/Src/stm32f0xx_hal_gpio.o
 .ARM.attributes
                0x00000000000001cb       0x2c ./Drivers/STM32F0xx_HAL_Driver/Src/stm32f0xx_hal_rcc.o
 .ARM.attributes
                0x00000000000001f7       0x2c ./Drivers/STM32F0xx_HAL_Driver/Src/stm32f0xx_hal_spi.o
 .ARM.attributes
                0x0000000000000223       0x2c C:/ST/STM32CubeIDE_1.14.0/STM32CubeIDE/plugins/com.st.stm32cube.ide.mcu.externaltools.gnu-tools-for-stm32.11.3.rel1.win32_1.1.100.202309141235/tools/bin/../lib/gcc/arm-none-eabi/11.3.1/../../../../arm-none-eabi/lib/thumb/v6-m/nofp\libc_nano.a(libc_a-memset.o)
 .ARM.attributes
                0x000000000000024f       0x2c C:/ST/STM32CubeIDE_1.14.0/STM32CubeIDE/plugins/com.st.stm32cube.ide.mcu.externaltools.gnu-tools-for-stm32.11.3.rel1.win32_1.1.100.202309141235/tools/bin/../lib/gcc/arm-none-eabi/11.3.1/../../../../arm-none-eabi/lib/thumb/v6-m/nofp\libc_nano.a(libc_a-init.o)
 .ARM.attributes
                0x000000000000027b       0x1e C:/ST/STM32CubeIDE_1.14.0/STM32CubeIDE/plugins/com.st.stm32cube.ide.mcu.externaltools.gnu-tools-for-stm32.11.3.rel1.win32_1.1.100.202309141235/tools/bin/../lib/gcc/arm-none-eabi/11.3.1/thumb/v6-m/nofp\libgcc.a(_udivsi3.o)
 .ARM.attributes
                0x0000000000000299       0x1e C:/ST/STM32CubeIDE_1.14.0/STM32CubeIDE/plugins/com.st.stm32cube.ide.mcu.externaltools.gnu-tools-for-stm32.11.3.rel1.win32_1.1.100.202309141235/tools/bin/../lib/gcc/arm-none-eabi/11.3.1/thumb/v6-m/nofp\libgcc.a(_divsi3.o)
 .ARM.attributes
                0x00000000000002b7       0x1e C:/ST/STM32CubeIDE_1.14.0/STM32CubeIDE/plugins/com.st.stm32cube.ide.mcu.externaltools.gnu-tools-for-stm32.11.3.rel1.win32_1.1.100.202309141235/tools/bin/../lib/gcc/arm-none-eabi/11.3.1/thumb/v6-m/nofp\libgcc.a(_dvmd_tls.o)
 .ARM.attributes
                0x00000000000002d5       0x1e C:/ST/STM32CubeIDE_1.14.0/STM32CubeIDE/plugins/com.st.stm32cube.ide.mcu.externaltools.gnu-tools-for-stm32.11.3.rel1.win32_1.1.100.202309141235/tools/bin/../lib/gcc/arm-none-eabi/11.3.1/thumb/v6-m/nofp/crtn.o
OUTPUT(WS2812LED.elf elf32-littlearm)
LOAD linker stubs
LOAD C:/ST/STM32CubeIDE_1.14.0/STM32CubeIDE/plugins/com.st.stm32cube.ide.mcu.externaltools.gnu-tools-for-stm32.11.3.rel1.win32_1.1.100.202309141235/tools/bin/../lib/gcc/arm-none-eabi/11.3.1/../../../../arm-none-eabi/lib/thumb/v6-m/nofp\libc.a
LOAD C:/ST/STM32CubeIDE_1.14.0/STM32CubeIDE/plugins/com.st.stm32cube.ide.mcu.externaltools.gnu-tools-for-stm32.11.3.rel1.win32_1.1.100.202309141235/tools/bin/../lib/gcc/arm-none-eabi/11.3.1/../../../../arm-none-eabi/lib/thumb/v6-m/nofp\libm.a
LOAD C:/ST/STM32CubeIDE_1.14.0/STM32CubeIDE/plugins/com.st.stm32cube.ide.mcu.externaltools.gnu-tools-for-stm32.11.3.rel1.win32_1.1.100.202309141235/tools/bin/../lib/gcc/arm-none-eabi/11.3.1/thumb/v6-m/nofp\libgcc.a

.comment        0x0000000000000000       0x43
 .comment       0x0000000000000000       0x43 C:/ST/STM32CubeIDE_1.14.0/STM32CubeIDE/plugins/com.st.stm32cube.ide.mcu.externaltools.gnu-tools-for-stm32.11.3.rel1.win32_1.1.100.202309141235/tools/bin/../lib/gcc/arm-none-eabi/11.3.1/thumb/v6-m/nofp/crtbegin.o
                                         0x44 (size before relaxing)
 .comment       0x0000000000000043       0x44 ./Core/Src/WS2812_SPI.o
 .comment       0x0000000000000043       0x44 ./Core/Src/main.o
 .comment       0x0000000000000043       0x44 ./Core/Src/stm32f0xx_hal_msp.o
 .comment       0x0000000000000043       0x44 ./Core/Src/stm32f0xx_it.o
 .comment       0x0000000000000043       0x44 ./Core/Src/system_stm32f0xx.o
 .comment       0x0000000000000043       0x44 ./Drivers/STM32F0xx_HAL_Driver/Src/stm32f0xx_hal.o
 .comment       0x0000000000000043       0x44 ./Drivers/STM32F0xx_HAL_Driver/Src/stm32f0xx_hal_cortex.o
 .comment       0x0000000000000043       0x44 ./Drivers/STM32F0xx_HAL_Driver/Src/stm32f0xx_hal_gpio.o
 .comment       0x0000000000000043       0x44 ./Drivers/STM32F0xx_HAL_Driver/Src/stm32f0xx_hal_rcc.o
 .comment       0x0000000000000043       0x44 ./Drivers/STM32F0xx_HAL_Driver/Src/stm32f0xx_hal_spi.o

.debug_info     0x0000000000000000     0x701f
 .debug_info    0x0000000000000000      0x88a ./Core/Src/WS2812_SPI.o
 .debug_info    0x000000000000088a      0xc2e ./Core/Src/main.o
 .debug_info    0x00000000000014b8      0x889 ./Core/Src/stm32f0xx_hal_msp.o
 .debug_info    0x0000000000001d41       0xe1 ./Core/Src/stm32f0xx_it.o
 .debug_info    0x0000000000001e22      0x268 ./Core/Src/system_stm32f0xx.o
 .debug_info    0x000000000000208a       0x23 ./Core/Startup/startup_stm32f030f4px.o
 .debug_info    0x00000000000020ad      0x72f ./Drivers/STM32F0xx_HAL_Driver/Src/stm32f0xx_hal.o
 .debug_info    0x00000000000027dc      0x7e6 ./Drivers/STM32F0xx_HAL_Driver/Src/stm32f0xx_hal_cortex.o
 .debug_info    0x0000000000002fc2      0x602 ./Drivers/STM32F0xx_HAL_Driver/Src/stm32f0xx_hal_gpio.o
 .debug_info    0x00000000000035c4      0xace ./Drivers/STM32F0xx_HAL_Driver/Src/stm32f0xx_hal_rcc.o
 .debug_info    0x0000000000004092     0x2f8d ./Drivers/STM32F0xx_HAL_Driver/Src/stm32f0xx_hal_spi.o

.debug_abbrev   0x0000000000000000     0x1786
 .debug_abbrev  0x0000000000000000      0x2ae ./Core/Src/WS2812_SPI.o
 .debug_abbrev  0x00000000000002ae      0x2f9 ./Core/Src/main.o
 .debug_abbrev  0x00000000000005a7      0x1b9 ./Core/Src/stm32f0xx_hal_msp.o
 .debug_abbrev  0x0000000000000760       0xb1 ./Core/Src/stm32f0xx_it.o
 .debug_abbrev  0x0000000000000811      0x138 ./Core/Src/system_stm32f0xx.o
 .debug_abbrev  0x0000000000000949       0x12 ./Core/Startup/startup_stm32f030f4px.o
 .debug_abbrev  0x000000000000095b      0x2cb ./Drivers/STM32F0xx_HAL_Driver/Src/stm32f0xx_hal.o
 .debug_abbrev  0x0000000000000c26      0x2bf ./Drivers/STM32F0xx_HAL_Driver/Src/stm32f0xx_hal_cortex.o
 .debug_abbrev  0x0000000000000ee5      0x207 ./Drivers/STM32F0xx_HAL_Driver/Src/stm32f0xx_hal_gpio.o
 .debug_abbrev  0x00000000000010ec      0x31c ./Drivers/STM32F0xx_HAL_Driver/Src/stm32f0xx_hal_rcc.o
 .debug_abbrev  0x0000000000001408      0x37e ./Drivers/STM32F0xx_HAL_Driver/Src/stm32f0xx_hal_spi.o

.debug_loclists
                0x0000000000000000     0x361e
 .debug_loclists
                0x0000000000000000      0x1ef ./Core/Src/WS2812_SPI.o
 .debug_loclists
                0x00000000000001ef       0xb4 ./Core/Src/main.o
 .debug_loclists
                0x00000000000002a3       0x59 ./Core/Src/stm32f0xx_hal_msp.o
 .debug_loclists
                0x00000000000002fc       0xcd ./Core/Src/system_stm32f0xx.o
 .debug_loclists
                0x00000000000003c9       0xbf ./Drivers/STM32F0xx_HAL_Driver/Src/stm32f0xx_hal.o
 .debug_loclists
                0x0000000000000488      0x216 ./Drivers/STM32F0xx_HAL_Driver/Src/stm32f0xx_hal_cortex.o
 .debug_loclists
                0x000000000000069e      0x332 ./Drivers/STM32F0xx_HAL_Driver/Src/stm32f0xx_hal_gpio.o
 .debug_loclists
                0x00000000000009d0      0x508 ./Drivers/STM32F0xx_HAL_Driver/Src/stm32f0xx_hal_rcc.o
 .debug_loclists
                0x0000000000000ed8     0x2746 ./Drivers/STM32F0xx_HAL_Driver/Src/stm32f0xx_hal_spi.o

.debug_aranges  0x0000000000000000      0x4a8
 .debug_aranges
                0x0000000000000000       0x30 ./Core/Src/WS2812_SPI.o
 .debug_aranges
                0x0000000000000030       0x30 ./Core/Src/main.o
 .debug_aranges
                0x0000000000000060       0x30 ./Core/Src/stm32f0xx_hal_msp.o
 .debug_aranges
                0x0000000000000090       0x38 ./Core/Src/stm32f0xx_it.o
 .debug_aranges
                0x00000000000000c8       0x28 ./Core/Src/system_stm32f0xx.o
 .debug_aranges
                0x00000000000000f0       0x28 ./Core/Startup/startup_stm32f030f4px.o
 .debug_aranges
                0x0000000000000118       0xc8 ./Drivers/STM32F0xx_HAL_Driver/Src/stm32f0xx_hal.o
 .debug_aranges
                0x00000000000001e0       0x78 ./Drivers/STM32F0xx_HAL_Driver/Src/stm32f0xx_hal_cortex.o
 .debug_aranges
                0x0000000000000258       0x58 ./Drivers/STM32F0xx_HAL_Driver/Src/stm32f0xx_hal_gpio.o
 .debug_aranges
                0x00000000000002b0       0x80 ./Drivers/STM32F0xx_HAL_Driver/Src/stm32f0xx_hal_rcc.o
 .debug_aranges
                0x0000000000000330      0x178 ./Drivers/STM32F0xx_HAL_Driver/Src/stm32f0xx_hal_spi.o

.debug_rnglists
                0x0000000000000000      0x730
 .debug_rnglists
                0x0000000000000000       0x54 ./Core/Src/WS2812_SPI.o
 .debug_rnglists
                0x0000000000000054       0x5c ./Core/Src/main.o
 .debug_rnglists
                0x00000000000000b0       0x5b ./Core/Src/stm32f0xx_hal_msp.o
 .debug_rnglists
                0x000000000000010b       0x25 ./Core/Src/stm32f0xx_it.o
 .debug_rnglists
                0x0000000000000130       0x19 ./Core/Src/system_stm32f0xx.o
 .debug_rnglists
                0x0000000000000149       0x19 ./Core/Startup/startup_stm32f030f4px.o
 .debug_rnglists
                0x0000000000000162       0x91 ./Drivers/STM32F0xx_HAL_Driver/Src/stm32f0xx_hal.o
 .debug_rnglists
                0x00000000000001f3       0x85 ./Drivers/STM32F0xx_HAL_Driver/Src/stm32f0xx_hal_cortex.o
 .debug_rnglists
                0x0000000000000278       0x51 ./Drivers/STM32F0xx_HAL_Driver/Src/stm32f0xx_hal_gpio.o
 .debug_rnglists
                0x00000000000002c9       0xb1 ./Drivers/STM32F0xx_HAL_Driver/Src/stm32f0xx_hal_rcc.o
 .debug_rnglists
                0x000000000000037a      0x3b6 ./Drivers/STM32F0xx_HAL_Driver/Src/stm32f0xx_hal_spi.o

.debug_macro    0x0000000000000000     0xe5bc
 .debug_macro   0x0000000000000000      0x1ce ./Core/Src/WS2812_SPI.o
 .debug_macro   0x00000000000001ce      0xa7e ./Core/Src/WS2812_SPI.o
 .debug_macro   0x0000000000000c4c      0x12d ./Core/Src/WS2812_SPI.o
 .debug_macro   0x0000000000000d79       0x2e ./Core/Src/WS2812_SPI.o
 .debug_macro   0x0000000000000da7       0x22 ./Core/Src/WS2812_SPI.o
 .debug_macro   0x0000000000000dc9       0x22 ./Core/Src/WS2812_SPI.o
 .debug_macro   0x0000000000000deb       0x8e ./Core/Src/WS2812_SPI.o
 .debug_macro   0x0000000000000e79       0x51 ./Core/Src/WS2812_SPI.o
 .debug_macro   0x0000000000000eca      0x103 ./Core/Src/WS2812_SPI.o
 .debug_macro   0x0000000000000fcd       0x6a ./Core/Src/WS2812_SPI.o
 .debug_macro   0x0000000000001037      0x1df ./Core/Src/WS2812_SPI.o
 .debug_macro   0x0000000000001216       0x1c ./Core/Src/WS2812_SPI.o
 .debug_macro   0x0000000000001232       0x22 ./Core/Src/WS2812_SPI.o
 .debug_macro   0x0000000000001254       0xaf ./Core/Src/WS2812_SPI.o
 .debug_macro   0x0000000000001303      0x391 ./Core/Src/WS2812_SPI.o
 .debug_macro   0x0000000000001694     0x6e6e ./Core/Src/WS2812_SPI.o
 .debug_macro   0x0000000000008502       0x66 ./Core/Src/WS2812_SPI.o
 .debug_macro   0x0000000000008568     0x34be ./Core/Src/WS2812_SPI.o
 .debug_macro   0x000000000000ba26      0x174 ./Core/Src/WS2812_SPI.o
 .debug_macro   0x000000000000bb9a       0x55 ./Core/Src/WS2812_SPI.o
 .debug_macro   0x000000000000bbef      0x924 ./Core/Src/WS2812_SPI.o
 .debug_macro   0x000000000000c513       0xe5 ./Core/Src/WS2812_SPI.o
 .debug_macro   0x000000000000c5f8      0x1ae ./Core/Src/WS2812_SPI.o
 .debug_macro   0x000000000000c7a6       0xb3 ./Core/Src/WS2812_SPI.o
 .debug_macro   0x000000000000c859      0x1a0 ./Core/Src/WS2812_SPI.o
 .debug_macro   0x000000000000c9f9      0x1ed ./Core/Src/WS2812_SPI.o
 .debug_macro   0x000000000000cbe6       0x34 ./Core/Src/WS2812_SPI.o
 .debug_macro   0x000000000000cc1a       0x43 ./Core/Src/WS2812_SPI.o
 .debug_macro   0x000000000000cc5d       0x28 ./Core/Src/WS2812_SPI.o
 .debug_macro   0x000000000000cc85       0xb0 ./Core/Src/WS2812_SPI.o
 .debug_macro   0x000000000000cd35      0x15a ./Core/Src/WS2812_SPI.o
 .debug_macro   0x000000000000ce8f      0x22c ./Core/Src/WS2812_SPI.o
 .debug_macro   0x000000000000d0bb       0x61 ./Core/Src/WS2812_SPI.o
 .debug_macro   0x000000000000d11c       0xa5 ./Core/Src/WS2812_SPI.o
 .debug_macro   0x000000000000d1c1       0x4c ./Core/Src/WS2812_SPI.o
 .debug_macro   0x000000000000d20d       0x2b ./Core/Src/WS2812_SPI.o
 .debug_macro   0x000000000000d238      0x2fe ./Core/Src/WS2812_SPI.o
 .debug_macro   0x000000000000d536       0xf1 ./Core/Src/WS2812_SPI.o
 .debug_macro   0x000000000000d627      0x1c2 ./Core/Src/main.o
 .debug_macro   0x000000000000d7e9      0x1b8 ./Core/Src/stm32f0xx_hal_msp.o
 .debug_macro   0x000000000000d9a1      0x1c2 ./Core/Src/stm32f0xx_it.o
 .debug_macro   0x000000000000db63      0x1ae ./Core/Src/system_stm32f0xx.o
 .debug_macro   0x000000000000dd11      0x1d2 ./Drivers/STM32F0xx_HAL_Driver/Src/stm32f0xx_hal.o
 .debug_macro   0x000000000000dee3      0x1ae ./Drivers/STM32F0xx_HAL_Driver/Src/stm32f0xx_hal_cortex.o
 .debug_macro   0x000000000000e091      0x1b5 ./Drivers/STM32F0xx_HAL_Driver/Src/stm32f0xx_hal_gpio.o
 .debug_macro   0x000000000000e246      0x1c0 ./Drivers/STM32F0xx_HAL_Driver/Src/stm32f0xx_hal_rcc.o
 .debug_macro   0x000000000000e406      0x1b6 ./Drivers/STM32F0xx_HAL_Driver/Src/stm32f0xx_hal_spi.o

.debug_line     0x0000000000000000     0x9e46
 .debug_line    0x0000000000000000      0x8ca ./Core/Src/WS2812_SPI.o
 .debug_line    0x00000000000008ca      0xa3f ./Core/Src/main.o
 .debug_line    0x0000000000001309      0x80a ./Core/Src/stm32f0xx_hal_msp.o
 .debug_line    0x0000000000001b13      0x7aa ./Core/Src/stm32f0xx_it.o
 .debug_line    0x00000000000022bd      0x7c6 ./Core/Src/system_stm32f0xx.o
 .debug_line    0x0000000000002a83       0x7b ./Core/Startup/startup_stm32f030f4px.o
 .debug_line    0x0000000000002afe      0xaab ./Drivers/STM32F0xx_HAL_Driver/Src/stm32f0xx_hal.o
 .debug_line    0x00000000000035a9      0xb1a ./Drivers/STM32F0xx_HAL_Driver/Src/stm32f0xx_hal_cortex.o
 .debug_line    0x00000000000040c3      0xca6 ./Drivers/STM32F0xx_HAL_Driver/Src/stm32f0xx_hal_gpio.o
 .debug_line    0x0000000000004d69     0x133b ./Drivers/STM32F0xx_HAL_Driver/Src/stm32f0xx_hal_rcc.o
 .debug_line    0x00000000000060a4     0x3da2 ./Drivers/STM32F0xx_HAL_Driver/Src/stm32f0xx_hal_spi.o

.debug_str      0x0000000000000000    0x55a4d
 .debug_str     0x0000000000000000    0x546b5 ./Core/Src/WS2812_SPI.o
                                      0x54974 (size before relaxing)
 .debug_str     0x00000000000546b5      0x216 ./Core/Src/main.o
                                      0x54b17 (size before relaxing)
 .debug_str     0x00000000000548cb       0xd9 ./Core/Src/stm32f0xx_hal_msp.o
                                      0x549c0 (size before relaxing)
 .debug_str     0x00000000000549a4       0x82 ./Core/Src/stm32f0xx_it.o
                                      0x544f5 (size before relaxing)
 .debug_str     0x0000000000054a26       0x99 ./Core/Src/system_stm32f0xx.o
                                      0x5457b (size before relaxing)
 .debug_str     0x0000000000054abf       0x34 ./Core/Startup/startup_stm32f030f4px.o
                                         0x78 (size before relaxing)
 .debug_str     0x0000000000054af3      0x482 ./Drivers/STM32F0xx_HAL_Driver/Src/stm32f0xx_hal.o
                                      0x54ada (size before relaxing)
 .debug_str     0x0000000000054f75      0x1d2 ./Drivers/STM32F0xx_HAL_Driver/Src/stm32f0xx_hal_cortex.o
                                      0x548bd (size before relaxing)
 .debug_str     0x0000000000055147      0x154 ./Drivers/STM32F0xx_HAL_Driver/Src/stm32f0xx_hal_gpio.o
                                      0x5470e (size before relaxing)
 .debug_str     0x000000000005529b      0x21a ./Drivers/STM32F0xx_HAL_Driver/Src/stm32f0xx_hal_rcc.o
                                      0x549b7 (size before relaxing)
 .debug_str     0x00000000000554b5      0x598 ./Drivers/STM32F0xx_HAL_Driver/Src/stm32f0xx_hal_spi.o
                                      0x54ee5 (size before relaxing)

.debug_frame    0x0000000000000000      0xd0c
 .debug_frame   0x0000000000000000       0x78 ./Core/Src/WS2812_SPI.o
 .debug_frame   0x0000000000000078       0x58 ./Core/Src/main.o
 .debug_frame   0x00000000000000d0       0x58 ./Core/Src/stm32f0xx_hal_msp.o
 .debug_frame   0x0000000000000128       0x68 ./Core/Src/stm32f0xx_it.o
 .debug_frame   0x0000000000000190       0x38 ./Core/Src/system_stm32f0xx.o
 .debug_frame   0x00000000000001c8      0x1b4 ./Drivers/STM32F0xx_HAL_Driver/Src/stm32f0xx_hal.o
 .debug_frame   0x000000000000037c       0xe4 ./Drivers/STM32F0xx_HAL_Driver/Src/stm32f0xx_hal_cortex.o
 .debug_frame   0x0000000000000460       0xd4 ./Drivers/STM32F0xx_HAL_Driver/Src/stm32f0xx_hal_gpio.o
 .debug_frame   0x0000000000000534      0x154 ./Drivers/STM32F0xx_HAL_Driver/Src/stm32f0xx_hal_rcc.o
 .debug_frame   0x0000000000000688      0x5f8 ./Drivers/STM32F0xx_HAL_Driver/Src/stm32f0xx_hal_spi.o
 .debug_frame   0x0000000000000c80       0x20 C:/ST/STM32CubeIDE_1.14.0/STM32CubeIDE/plugins/com.st.stm32cube.ide.mcu.externaltools.gnu-tools-for-stm32.11.3.rel1.win32_1.1.100.202309141235/tools/bin/../lib/gcc/arm-none-eabi/11.3.1/../../../../arm-none-eabi/lib/thumb/v6-m/nofp\libc_nano.a(libc_a-memset.o)
 .debug_frame   0x0000000000000ca0       0x2c C:/ST/STM32CubeIDE_1.14.0/STM32CubeIDE/plugins/com.st.stm32cube.ide.mcu.externaltools.gnu-tools-for-stm32.11.3.rel1.win32_1.1.100.202309141235/tools/bin/../lib/gcc/arm-none-eabi/11.3.1/../../../../arm-none-eabi/lib/thumb/v6-m/nofp\libc_nano.a(libc_a-init.o)
 .debug_frame   0x0000000000000ccc       0x20 C:/ST/STM32CubeIDE_1.14.0/STM32CubeIDE/plugins/com.st.stm32cube.ide.mcu.externaltools.gnu-tools-for-stm32.11.3.rel1.win32_1.1.100.202309141235/tools/bin/../lib/gcc/arm-none-eabi/11.3.1/thumb/v6-m/nofp\libgcc.a(_udivsi3.o)
 .debug_frame   0x0000000000000cec       0x20 C:/ST/STM32CubeIDE_1.14.0/STM32CubeIDE/plugins/com.st.stm32cube.ide.mcu.externaltools.gnu-tools-for-stm32.11.3.rel1.win32_1.1.100.202309141235/tools/bin/../lib/gcc/arm-none-eabi/11.3.1/thumb/v6-m/nofp\libgcc.a(_divsi3.o)

.debug_line_str
                0x0000000000000000       0x6c
 .debug_line_str
                0x0000000000000000       0x6c ./Core/Startup/startup_stm32f030f4px.o
                                         0x84 (size before relaxing)
