../Core/Src/LCD1602.c:33:6:send_to_lcd.constprop	8	static
../Core/Src/LCD1602.c:33:6:send_to_lcd.constprop	8	static
../Core/Src/LCD1602.c:25:6:delay	0	static
../Core/Src/LCD1602.c:33:6:send_to_lcd	16	static
../Core/Src/LCD1602.c:54:6:lcd_send_cmd	8	static
../Core/Src/LCD1602.c:67:6:lcd_send_data	8	static
../Core/Src/LCD1602.c:80:6:lcd_clear	8	static
../Core/Src/LCD1602.c:86:6:lcd_xy	8	static
../Core/Src/LCD1602.c:102:6:lcd_init	8	static
../Core/Src/LCD1602.c:136:6:reverse	8	static
../Core/Src/LCD1602.c:149:6:int_to_str	32	static
../Core/Src/LCD1602.c:172:6:float_to_str	48	static
../Core/Src/LCD1602.c:201:6:LCD_String	16	static
../Core/Src/LCD1602.c:208:6:LCD_intValue	56	static
../Core/Src/LCD1602.c:219:6:LCD_floatValue	72	static
